<!doctype html>
<html>
    <body>
        <picture><source type="image/webp" data-srcset="photo.webp"><img data-src="photo.jpg"></picture>
        <picture><source type="image/webp" data-srcset="photo.webp"><img data-src="photo.jpg" src="low-quality-preview.jpg"></picture>
        <picture><source type="image/webp" data-srcset="photo-lg.webp 1000w, photo-md.webp 500w, photo-sm.webp 250w"><img data-srcset="photo-lg.jpg 1000w, photo-md.jpg 500w, photo-sm.jpg 250w"></picture>
        <picture><source type="image/webp" data-srcset="photo-lg.webp 1000w, photo-md.webp 500w, photo-sm.webp 250w"><img data-srcset="photo-lg.jpg 1000w, photo-md.jpg 500w, photo-sm.jpg 250w" src="low-quality-preview.jpg"></picture>
        <picture><source type="image/webp" data-srcset="photo-lg.webp 1000w, photo-md.webp 500w, photo-sm.webp 250w"><img data-srcset="photo-lg.jpg 1000w, photo-md.jpg 500w, photo-sm.jpg 250w" data-src="photo.jpg"></picture>
        <picture><source type="image/webp" data-srcset="photo-lg.webp 1000w, photo-md.webp 500w, photo-sm.webp 250w"><img data-srcset="photo-lg.jpg 1000w, photo-md.jpg 500w, photo-sm.jpg 250w" data-src="photo.jpg" src="low-quality-preview.jpg"></picture>
    </body>
</html>
